2020-03-30 17:36:24,209 - root - DEBUG - processing Dodatkowe ćwiczenia ORACL do samodzielnej realizacji w związku z sytuacja epidemiologiczną.docx
2020-03-30 17:36:24,210 - urllib3.connectionpool - DEBUG - Starting new HTTPS connection (1): fileinfo.com:443
2020-03-30 17:36:24,858 - urllib3.connectionpool - DEBUG - https://fileinfo.com:443 "GET /extension/docx HTTP/1.1" 200 5454
2020-03-30 17:36:24,860 - root - DEBUG - Destination folder: test2/TextFiles
2020-03-30 17:36:24,861 - root - DEBUG - processing ORACL12c-Instrukcja_v2_4_1-L20.doc
2020-03-30 17:36:24,862 - urllib3.connectionpool - DEBUG - Starting new HTTPS connection (1): fileinfo.com:443
2020-03-30 17:36:24,862 - watchdog.observers.inotify_buffer - DEBUG - in-event <InotifyEvent: src_path=b'/home/doman/Projects/Personal/folder_observer/test/Dodatkowe \xc4\x87wiczenia ORACL do samodzielnej realizacji w zwi\xc4\x85zku z sytuacja epidemiologiczn\xc4\x85.docx', wd=1, mask=IN_MOVED_FROM, cookie=2456, name=Dodatkowe ćwiczenia ORACL do samodzielnej realizacji w związku z sytuacja epidemiologiczną.docx>
2020-03-30 17:36:25,375 - urllib3.connectionpool - DEBUG - https://fileinfo.com:443 "GET /extension/doc HTTP/1.1" 200 5581
2020-03-30 17:36:25,377 - root - DEBUG - Destination folder: test2/TextFiles
2020-03-30 17:36:25,377 - watchdog.observers.inotify_buffer - DEBUG - in-event <InotifyEvent: src_path=b'/home/doman/Projects/Personal/folder_observer/test/ORACL12c-Instrukcja_v2_4_1-L20.doc', wd=1, mask=IN_MOVED_FROM, cookie=2457, name=ORACL12c-Instrukcja_v2_4_1-L20.doc>
2020-03-30 17:37:08,980 - root - DEBUG - processing Dodatkowe ćwiczenia ORACL do samodzielnej realizacji w związku z sytuacja epidemiologiczną.docx
2020-03-30 17:37:08,981 - urllib3.connectionpool - DEBUG - Starting new HTTPS connection (1): fileinfo.com:443
2020-03-30 17:37:09,473 - urllib3.connectionpool - DEBUG - https://fileinfo.com:443 "GET /extension/docx HTTP/1.1" 200 5454
2020-03-30 17:37:09,475 - root - DEBUG - Destination folder: test2/TextFiles
2020-03-30 17:37:09,475 - watchdog.observers.inotify_buffer - DEBUG - in-event <InotifyEvent: src_path=b'/home/doman/Projects/Personal/folder_observer/test/asd (copy)/Dodatkowe \xc4\x87wiczenia ORACL do samodzielnej realizacji w zwi\xc4\x85zku z sytuacja epidemiologiczn\xc4\x85.docx', wd=2, mask=IN_MOVED_FROM, cookie=2477, name=Dodatkowe ćwiczenia ORACL do samodzielnej realizacji w związku z sytuacja epidemiologiczną.docx>
2020-03-30 17:37:09,475 - root - DEBUG - processing ORACL12c-Instrukcja_v2_4_1-L20.doc
2020-03-30 17:37:09,476 - urllib3.connectionpool - DEBUG - Starting new HTTPS connection (1): fileinfo.com:443
2020-03-30 17:37:09,966 - urllib3.connectionpool - DEBUG - https://fileinfo.com:443 "GET /extension/doc HTTP/1.1" 200 5581
2020-03-30 17:37:09,968 - root - DEBUG - Destination folder: test2/TextFiles
2020-03-30 17:37:09,968 - root - DEBUG - processing Dodatkowe ćwiczenia ORACL do samodzielnej realizacji w związku z sytuacja epidemiologiczną.docx
2020-03-30 17:37:09,968 - watchdog.observers.inotify_buffer - DEBUG - in-event <InotifyEvent: src_path=b'/home/doman/Projects/Personal/folder_observer/test/asd (copy)/ORACL12c-Instrukcja_v2_4_1-L20.doc', wd=2, mask=IN_MOVED_FROM, cookie=2480, name=ORACL12c-Instrukcja_v2_4_1-L20.doc>
2020-03-30 17:37:09,968 - root - DEBUG - Destination folder: test2/TextFiles
2020-03-30 17:37:09,968 - watchdog.observers.inotify_buffer - DEBUG - in-event <InotifyEvent: src_path=b'/home/doman/Projects/Personal/folder_observer/test/asd (copy)/asd/Dodatkowe \xc4\x87wiczenia ORACL do samodzielnej realizacji w zwi\xc4\x85zku z sytuacja epidemiologiczn\xc4\x85.docx', wd=4, mask=IN_MOVED_FROM, cookie=2481, name=Dodatkowe ćwiczenia ORACL do samodzielnej realizacji w związku z sytuacja epidemiologiczną.docx>
2020-03-30 17:37:09,968 - root - DEBUG - processing ORACL12c-Instrukcja_v2_4_1-L20.doc
2020-03-30 17:37:09,968 - root - DEBUG - Destination folder: test2/TextFiles
2020-03-30 17:37:09,968 - watchdog.observers.inotify_buffer - DEBUG - in-event <InotifyEvent: src_path=b'/home/doman/Projects/Personal/folder_observer/test/asd (copy)/asd/ORACL12c-Instrukcja_v2_4_1-L20.doc', wd=4, mask=IN_MOVED_FROM, cookie=2482, name=ORACL12c-Instrukcja_v2_4_1-L20.doc>
2020-03-30 17:37:09,968 - root - DEBUG - processing Dodatkowe ćwiczenia ORACL do samodzielnej realizacji w związku z sytuacja epidemiologiczną.docx
2020-03-30 17:37:09,969 - root - DEBUG - Destination folder: test2/TextFiles
2020-03-30 17:37:09,969 - watchdog.observers.inotify_buffer - DEBUG - in-event <InotifyEvent: src_path=b'/home/doman/Projects/Personal/folder_observer/test/asd/Dodatkowe \xc4\x87wiczenia ORACL do samodzielnej realizacji w zwi\xc4\x85zku z sytuacja epidemiologiczn\xc4\x85.docx', wd=3, mask=IN_MOVED_FROM, cookie=2483, name=Dodatkowe ćwiczenia ORACL do samodzielnej realizacji w związku z sytuacja epidemiologiczną.docx>
2020-03-30 17:37:09,969 - root - DEBUG - processing ORACL12c-Instrukcja_v2_4_1-L20.doc
2020-03-30 17:37:09,969 - root - DEBUG - Destination folder: test2/TextFiles
2020-03-30 17:37:09,969 - watchdog.observers.inotify_buffer - DEBUG - in-event <InotifyEvent: src_path=b'/home/doman/Projects/Personal/folder_observer/test/asd/ORACL12c-Instrukcja_v2_4_1-L20.doc', wd=3, mask=IN_MOVED_FROM, cookie=2484, name=ORACL12c-Instrukcja_v2_4_1-L20.doc>
